------------------------------------------------------------
Timing Analyzer Summary
------------------------------------------------------------

Type  : Slow 1200mV 85C Model Setup 'clk_wiz_1_inst|altpll_component|auto_generated|pll1|clk[0]'
Slack : 36.470
TNS   : 0.000

Type  : Slow 1200mV 85C Model Hold 'clk_wiz_1_inst|altpll_component|auto_generated|pll1|clk[0]'
Slack : 0.449
TNS   : 0.000

Type  : Slow 1200mV 85C Model Minimum Pulse Width 'sysclk'
Slack : 9.891
TNS   : 0.000

Type  : Slow 1200mV 85C Model Minimum Pulse Width 'clk_wiz_1_inst|altpll_component|auto_generated|pll1|clk[0]'
Slack : 19.572
TNS   : 0.000

Type  : Slow 1200mV 0C Model Setup 'clk_wiz_1_inst|altpll_component|auto_generated|pll1|clk[0]'
Slack : 36.766
TNS   : 0.000

Type  : Slow 1200mV 0C Model Hold 'clk_wiz_1_inst|altpll_component|auto_generated|pll1|clk[0]'
Slack : 0.407
TNS   : 0.000

Type  : Slow 1200mV 0C Model Minimum Pulse Width 'sysclk'
Slack : 9.887
TNS   : 0.000

Type  : Slow 1200mV 0C Model Minimum Pulse Width 'clk_wiz_1_inst|altpll_component|auto_generated|pll1|clk[0]'
Slack : 19.576
TNS   : 0.000

Type  : Fast 1200mV 0C Model Setup 'clk_wiz_1_inst|altpll_component|auto_generated|pll1|clk[0]'
Slack : 38.120
TNS   : 0.000

Type  : Fast 1200mV 0C Model Hold 'clk_wiz_1_inst|altpll_component|auto_generated|pll1|clk[0]'
Slack : 0.203
TNS   : 0.000

Type  : Fast 1200mV 0C Model Minimum Pulse Width 'sysclk'
Slack : 9.574
TNS   : 0.000

Type  : Fast 1200mV 0C Model Minimum Pulse Width 'clk_wiz_1_inst|altpll_component|auto_generated|pll1|clk[0]'
Slack : 19.646
TNS   : 0.000

------------------------------------------------------------
