------------------------------------------------------------
Timing Analyzer Summary
------------------------------------------------------------

Type  : Slow 1200mV 85C Model Setup 'VGA_CLK~reg0'
Slack : -14.855
TNS   : -44389.970

Type  : Slow 1200mV 85C Model Setup 'sysclk'
Slack : -0.647
TNS   : -0.647

Type  : Slow 1200mV 85C Model Hold 'VGA_CLK~reg0'
Slack : 0.441
TNS   : 0.000

Type  : Slow 1200mV 85C Model Hold 'sysclk'
Slack : 0.578
TNS   : 0.000

Type  : Slow 1200mV 85C Model Minimum Pulse Width 'sysclk'
Slack : -3.000
TNS   : -4.285

Type  : Slow 1200mV 85C Model Minimum Pulse Width 'VGA_CLK~reg0'
Slack : -1.285
TNS   : -5457.395

Type  : Slow 1200mV 0C Model Setup 'VGA_CLK~reg0'
Slack : -13.592
TNS   : -40302.529

Type  : Slow 1200mV 0C Model Setup 'sysclk'
Slack : -0.518
TNS   : -0.518

Type  : Slow 1200mV 0C Model Hold 'VGA_CLK~reg0'
Slack : 0.399
TNS   : 0.000

Type  : Slow 1200mV 0C Model Hold 'sysclk'
Slack : 0.498
TNS   : 0.000

Type  : Slow 1200mV 0C Model Minimum Pulse Width 'sysclk'
Slack : -3.000
TNS   : -4.285

Type  : Slow 1200mV 0C Model Minimum Pulse Width 'VGA_CLK~reg0'
Slack : -1.285
TNS   : -5457.395

Type  : Fast 1200mV 0C Model Setup 'VGA_CLK~reg0'
Slack : -7.017
TNS   : -20112.693

Type  : Fast 1200mV 0C Model Setup 'sysclk'
Slack : -0.018
TNS   : -0.018

Type  : Fast 1200mV 0C Model Hold 'VGA_CLK~reg0'
Slack : 0.198
TNS   : 0.000

Type  : Fast 1200mV 0C Model Hold 'sysclk'
Slack : 0.229
TNS   : 0.000

Type  : Fast 1200mV 0C Model Minimum Pulse Width 'sysclk'
Slack : -3.000
TNS   : -4.043

Type  : Fast 1200mV 0C Model Minimum Pulse Width 'VGA_CLK~reg0'
Slack : -1.000
TNS   : -4247.000

------------------------------------------------------------
