------------------------------------------------------------
Timing Analyzer Summary
------------------------------------------------------------

Type  : Slow 1200mV 85C Model Setup 'VGA_CLK~reg0'
Slack : -5.711
TNS   : -599.954

Type  : Slow 1200mV 85C Model Setup 'CLOCK_50'
Slack : -0.647
TNS   : -0.647

Type  : Slow 1200mV 85C Model Hold 'VGA_CLK~reg0'
Slack : 0.339
TNS   : 0.000

Type  : Slow 1200mV 85C Model Hold 'CLOCK_50'
Slack : 0.578
TNS   : 0.000

Type  : Slow 1200mV 85C Model Minimum Pulse Width 'CLOCK_50'
Slack : -3.000
TNS   : -4.285

Type  : Slow 1200mV 85C Model Minimum Pulse Width 'VGA_CLK~reg0'
Slack : -2.693
TNS   : -639.500

Type  : Slow 1200mV 0C Model Setup 'VGA_CLK~reg0'
Slack : -5.122
TNS   : -524.793

Type  : Slow 1200mV 0C Model Setup 'CLOCK_50'
Slack : -0.518
TNS   : -0.518

Type  : Slow 1200mV 0C Model Hold 'VGA_CLK~reg0'
Slack : 0.341
TNS   : 0.000

Type  : Slow 1200mV 0C Model Hold 'CLOCK_50'
Slack : 0.498
TNS   : 0.000

Type  : Slow 1200mV 0C Model Minimum Pulse Width 'CLOCK_50'
Slack : -3.000
TNS   : -4.285

Type  : Slow 1200mV 0C Model Minimum Pulse Width 'VGA_CLK~reg0'
Slack : -2.649
TNS   : -630.920

Type  : Fast 1200mV 0C Model Setup 'VGA_CLK~reg0'
Slack : -2.398
TNS   : -186.563

Type  : Fast 1200mV 0C Model Setup 'CLOCK_50'
Slack : -0.018
TNS   : -0.018

Type  : Fast 1200mV 0C Model Hold 'VGA_CLK~reg0'
Slack : 0.127
TNS   : 0.000

Type  : Fast 1200mV 0C Model Hold 'CLOCK_50'
Slack : 0.229
TNS   : 0.000

Type  : Fast 1200mV 0C Model Minimum Pulse Width 'CLOCK_50'
Slack : -3.000
TNS   : -4.043

Type  : Fast 1200mV 0C Model Minimum Pulse Width 'VGA_CLK~reg0'
Slack : -1.000
TNS   : -284.000

------------------------------------------------------------
