------------------------------------------------------------
Timing Analyzer Summary
------------------------------------------------------------

Type  : Slow 1100mV 85C Model Setup 'clk'
Slack : -6.439
TNS   : -347.812

Type  : Slow 1100mV 85C Model Hold 'clk'
Slack : 0.548
TNS   : 0.000

Type  : Slow 1100mV 85C Model Minimum Pulse Width 'clk'
Slack : -0.724
TNS   : -69.774

Type  : Slow 1100mV 0C Model Setup 'clk'
Slack : -6.594
TNS   : -356.928

Type  : Slow 1100mV 0C Model Hold 'clk'
Slack : 0.596
TNS   : 0.000

Type  : Slow 1100mV 0C Model Minimum Pulse Width 'clk'
Slack : -0.724
TNS   : -69.864

Type  : Fast 1100mV 85C Model Setup 'clk'
Slack : -2.144
TNS   : -113.314

Type  : Fast 1100mV 85C Model Hold 'clk'
Slack : 0.182
TNS   : 0.000

Type  : Fast 1100mV 85C Model Minimum Pulse Width 'clk'
Slack : -0.088
TNS   : -5.342

Type  : Fast 1100mV 0C Model Setup 'clk'
Slack : -1.906
TNS   : -98.552

Type  : Fast 1100mV 0C Model Hold 'clk'
Slack : 0.173
TNS   : 0.000

Type  : Fast 1100mV 0C Model Minimum Pulse Width 'clk'
Slack : -0.089
TNS   : -5.417

------------------------------------------------------------
