Analysis & Synthesis report for RISCV
Mon Oct  2 16:11:18 2023
Quartus Prime Version 22.1std.2 Build 922 07/20/2023 SC Lite Edition


---------------------
; Table of Contents ;
---------------------
  1. Legal Notice
  2. Analysis & Synthesis Summary
  3. Analysis & Synthesis Settings
  4. Parallel Compilation
  5. Analysis & Synthesis Source Files Read
  6. Analysis & Synthesis Resource Usage Summary
  7. Analysis & Synthesis Resource Utilization by Entity
  8. General Register Statistics
  9. Post-Synthesis Netlist Statistics for Top Partition
 10. Elapsed Time Per Partition
 11. Analysis & Synthesis Messages
 12. Analysis & Synthesis Suppressed Messages



----------------
; Legal Notice ;
----------------
Copyright (C) 2023  Intel Corporation. All rights reserved.
Your use of Intel Corporation's design tools, logic functions 
and other software and tools, and any partner logic 
functions, and any output files from any of the foregoing 
(including device programming or simulation files), and any 
associated documentation or information are expressly subject 
to the terms and conditions of the Intel Program License 
Subscription Agreement, the Intel Quartus Prime License Agreement,
the Intel FPGA IP License Agreement, or other applicable license
agreement, including, without limitation, that your use is for
the sole purpose of programming logic devices manufactured by
Intel and sold by Intel or its authorized distributors.  Please
refer to the applicable agreement for further details, at
https://fpgasoftware.intel.com/eula.



+----------------------------------------------------------------------------------+
; Analysis & Synthesis Summary                                                     ;
+---------------------------------+------------------------------------------------+
; Analysis & Synthesis Status     ; Successful - Mon Oct  2 16:11:18 2023          ;
; Quartus Prime Version           ; 22.1std.2 Build 922 07/20/2023 SC Lite Edition ;
; Revision Name                   ; RISCV                                          ;
; Top-level Entity Name           ; RISCV                                          ;
; Family                          ; Cyclone V                                      ;
; Logic utilization (in ALMs)     ; N/A                                            ;
; Total registers                 ; 0                                              ;
; Total pins                      ; 34                                             ;
; Total virtual pins              ; 0                                              ;
; Total block memory bits         ; 0                                              ;
; Total DSP Blocks                ; 0                                              ;
; Total HSSI RX PCSs              ; 0                                              ;
; Total HSSI PMA RX Deserializers ; 0                                              ;
; Total HSSI TX PCSs              ; 0                                              ;
; Total HSSI PMA TX Serializers   ; 0                                              ;
; Total PLLs                      ; 0                                              ;
; Total DLLs                      ; 0                                              ;
+---------------------------------+------------------------------------------------+


+---------------------------------------------------------------------------------------------------------------------------+
; Analysis & Synthesis Settings                                                                                             ;
+---------------------------------------------------------------------------------+--------------------+--------------------+
; Option                                                                          ; Setting            ; Default Value      ;
+---------------------------------------------------------------------------------+--------------------+--------------------+
; Device                                                                          ; 5CGXFC7C7F23C8     ;                    ;
; Top-level entity name                                                           ; RISCV              ; RISCV              ;
; Family name                                                                     ; Cyclone V          ; Cyclone V          ;
; Use smart compilation                                                           ; Off                ; Off                ;
; Enable parallel Assembler and Timing Analyzer during compilation                ; On                 ; On                 ;
; Enable compact report table                                                     ; Off                ; Off                ;
; Restructure Multiplexers                                                        ; Auto               ; Auto               ;
; MLAB Add Timing Constraints For Mixed-Port Feed-Through Mode Setting Don't Care ; Off                ; Off                ;
; Create Debugging Nodes for IP Cores                                             ; Off                ; Off                ;
; Preserve fewer node names                                                       ; On                 ; On                 ;
; Intel FPGA IP Evaluation Mode                                                   ; Enable             ; Enable             ;
; Verilog Version                                                                 ; Verilog_2001       ; Verilog_2001       ;
; VHDL Version                                                                    ; VHDL_1993          ; VHDL_1993          ;
; State Machine Processing                                                        ; Auto               ; Auto               ;
; Safe State Machine                                                              ; Off                ; Off                ;
; Extract Verilog State Machines                                                  ; On                 ; On                 ;
; Extract VHDL State Machines                                                     ; On                 ; On                 ;
; Ignore Verilog initial constructs                                               ; Off                ; Off                ;
; Iteration limit for constant Verilog loops                                      ; 5000               ; 5000               ;
; Iteration limit for non-constant Verilog loops                                  ; 250                ; 250                ;
; Add Pass-Through Logic to Inferred RAMs                                         ; On                 ; On                 ;
; Infer RAMs from Raw Logic                                                       ; On                 ; On                 ;
; Parallel Synthesis                                                              ; On                 ; On                 ;
; DSP Block Balancing                                                             ; Auto               ; Auto               ;
; NOT Gate Push-Back                                                              ; On                 ; On                 ;
; Power-Up Don't Care                                                             ; On                 ; On                 ;
; Remove Redundant Logic Cells                                                    ; Off                ; Off                ;
; Remove Duplicate Registers                                                      ; On                 ; On                 ;
; Ignore CARRY Buffers                                                            ; Off                ; Off                ;
; Ignore CASCADE Buffers                                                          ; Off                ; Off                ;
; Ignore GLOBAL Buffers                                                           ; Off                ; Off                ;
; Ignore ROW GLOBAL Buffers                                                       ; Off                ; Off                ;
; Ignore LCELL Buffers                                                            ; Off                ; Off                ;
; Ignore SOFT Buffers                                                             ; On                 ; On                 ;
; Limit AHDL Integers to 32 Bits                                                  ; Off                ; Off                ;
; Optimization Technique                                                          ; Balanced           ; Balanced           ;
; Carry Chain Length                                                              ; 70                 ; 70                 ;
; Auto Carry Chains                                                               ; On                 ; On                 ;
; Auto Open-Drain Pins                                                            ; On                 ; On                 ;
; Perform WYSIWYG Primitive Resynthesis                                           ; Off                ; Off                ;
; Auto ROM Replacement                                                            ; On                 ; On                 ;
; Auto RAM Replacement                                                            ; On                 ; On                 ;
; Auto DSP Block Replacement                                                      ; On                 ; On                 ;
; Auto Shift Register Replacement                                                 ; Auto               ; Auto               ;
; Allow Shift Register Merging across Hierarchies                                 ; Auto               ; Auto               ;
; Auto Clock Enable Replacement                                                   ; On                 ; On                 ;
; Strict RAM Replacement                                                          ; Off                ; Off                ;
; Allow Synchronous Control Signals                                               ; On                 ; On                 ;
; Force Use of Synchronous Clear Signals                                          ; Off                ; Off                ;
; Auto Resource Sharing                                                           ; Off                ; Off                ;
; Allow Any RAM Size For Recognition                                              ; Off                ; Off                ;
; Allow Any ROM Size For Recognition                                              ; Off                ; Off                ;
; Allow Any Shift Register Size For Recognition                                   ; Off                ; Off                ;
; Use LogicLock Constraints during Resource Balancing                             ; On                 ; On                 ;
; Ignore translate_off and synthesis_off directives                               ; Off                ; Off                ;
; Timing-Driven Synthesis                                                         ; On                 ; On                 ;
; Report Parameter Settings                                                       ; On                 ; On                 ;
; Report Source Assignments                                                       ; On                 ; On                 ;
; Report Connectivity Checks                                                      ; On                 ; On                 ;
; Ignore Maximum Fan-Out Assignments                                              ; Off                ; Off                ;
; Synchronization Register Chain Length                                           ; 3                  ; 3                  ;
; Power Optimization During Synthesis                                             ; Normal compilation ; Normal compilation ;
; HDL message level                                                               ; Level2             ; Level2             ;
; Suppress Register Optimization Related Messages                                 ; Off                ; Off                ;
; Number of Removed Registers Reported in Synthesis Report                        ; 5000               ; 5000               ;
; Number of Swept Nodes Reported in Synthesis Report                              ; 5000               ; 5000               ;
; Number of Inverted Registers Reported in Synthesis Report                       ; 100                ; 100                ;
; Clock MUX Protection                                                            ; On                 ; On                 ;
; Auto Gated Clock Conversion                                                     ; Off                ; Off                ;
; Block Design Naming                                                             ; Auto               ; Auto               ;
; SDC constraint protection                                                       ; Off                ; Off                ;
; Synthesis Effort                                                                ; Auto               ; Auto               ;
; Shift Register Replacement - Allow Asynchronous Clear Signal                    ; On                 ; On                 ;
; Pre-Mapping Resynthesis Optimization                                            ; Off                ; Off                ;
; Analysis & Synthesis Message Level                                              ; Medium             ; Medium             ;
; Disable Register Merging Across Hierarchies                                     ; Auto               ; Auto               ;
; Resource Aware Inference For Block RAM                                          ; On                 ; On                 ;
; Automatic Parallel Synthesis                                                    ; On                 ; On                 ;
; Partial Reconfiguration Bitstream ID                                            ; Off                ; Off                ;
+---------------------------------------------------------------------------------+--------------------+--------------------+


+------------------------------------------+
; Parallel Compilation                     ;
+----------------------------+-------------+
; Processors                 ; Number      ;
+----------------------------+-------------+
; Number detected on machine ; 4           ;
; Maximum allowed            ; 2           ;
;                            ;             ;
; Average used               ; 1.00        ;
; Maximum used               ; 1           ;
;                            ;             ;
; Usage by Processor         ; % Time Used ;
;     Processor 1            ; 100.0%      ;
+----------------------------+-------------+


+----------------------------------------------------------------------------------------------------------------------------------------------------+
; Analysis & Synthesis Source Files Read                                                                                                             ;
+----------------------------------+-----------------+------------------------------+------------------------------------------------------+---------+
; File Name with User-Entered Path ; Used in Netlist ; File Type                    ; File Name with Absolute Path                         ; Library ;
+----------------------------------+-----------------+------------------------------+------------------------------------------------------+---------+
; RISCV.sv                         ; yes             ; User SystemVerilog HDL File  ; /home/martins/Documents/BUILD-RISC-V/RISC-V/RISCV.sv ;         ;
+----------------------------------+-----------------+------------------------------+------------------------------------------------------+---------+


+-----------------------------------------------------+
; Analysis & Synthesis Resource Usage Summary         ;
+---------------------------------------------+-------+
; Resource                                    ; Usage ;
+---------------------------------------------+-------+
; Estimate of Logic utilization (ALMs needed) ; 0     ;
;                                             ;       ;
; Combinational ALUT usage for logic          ; 0     ;
;     -- 7 input functions                    ; 0     ;
;     -- 6 input functions                    ; 0     ;
;     -- 5 input functions                    ; 0     ;
;     -- 4 input functions                    ; 0     ;
;     -- <=3 input functions                  ; 0     ;
;                                             ;       ;
; Dedicated logic registers                   ; 0     ;
;                                             ;       ;
; I/O pins                                    ; 34    ;
;                                             ;       ;
; Total DSP Blocks                            ; 0     ;
;                                             ;       ;
; Maximum fan-out node                        ; clk   ;
; Maximum fan-out                             ; 1     ;
; Total fan-out                               ; 34    ;
; Average fan-out                             ; 0.50  ;
+---------------------------------------------+-------+


+----------------------------------------------------------------------------------------------------------------------------------------------------------------------------------------+
; Analysis & Synthesis Resource Utilization by Entity                                                                                                                                    ;
+----------------------------+---------------------+---------------------------+-------------------+------------+------+--------------+---------------------+-------------+--------------+
; Compilation Hierarchy Node ; Combinational ALUTs ; Dedicated Logic Registers ; Block Memory Bits ; DSP Blocks ; Pins ; Virtual Pins ; Full Hierarchy Name ; Entity Name ; Library Name ;
+----------------------------+---------------------+---------------------------+-------------------+------------+------+--------------+---------------------+-------------+--------------+
; |RISCV                     ; 0 (0)               ; 0 (0)                     ; 0                 ; 0          ; 34   ; 0            ; |RISCV              ; RISCV       ; work         ;
+----------------------------+---------------------+---------------------------+-------------------+------------+------+--------------+---------------------+-------------+--------------+
Note: For table entries with two numbers listed, the numbers in parentheses indicate the number of resources of the given type used by the specific entity alone. The numbers listed outside of parentheses indicate the total resources of the given type used by the specific entity and all of its sub-entities in the hierarchy.


+------------------------------------------------------+
; General Register Statistics                          ;
+----------------------------------------------+-------+
; Statistic                                    ; Value ;
+----------------------------------------------+-------+
; Total registers                              ; 0     ;
; Number of registers using Synchronous Clear  ; 0     ;
; Number of registers using Synchronous Load   ; 0     ;
; Number of registers using Asynchronous Clear ; 0     ;
; Number of registers using Asynchronous Load  ; 0     ;
; Number of registers using Clock Enable       ; 0     ;
; Number of registers using Preset             ; 0     ;
+----------------------------------------------+-------+


+-----------------------------------------------------+
; Post-Synthesis Netlist Statistics for Top Partition ;
+-------------------+---------------------------------+
; Type              ; Count                           ;
+-------------------+---------------------------------+
; boundary_port     ; 34                              ;
;                   ;                                 ;
; Max LUT depth     ; 0.00                            ;
; Average LUT depth ; 0.00                            ;
+-------------------+---------------------------------+


+-------------------------------+
; Elapsed Time Per Partition    ;
+----------------+--------------+
; Partition Name ; Elapsed Time ;
+----------------+--------------+
; Top            ; 00:00:00     ;
+----------------+--------------+


+-------------------------------+
; Analysis & Synthesis Messages ;
+-------------------------------+
Info: *******************************************************************
Info: Running Quartus Prime Analysis & Synthesis
    Info: Version 22.1std.2 Build 922 07/20/2023 SC Lite Edition
    Info: Processing started: Mon Oct  2 16:11:05 2023
Info: Command: quartus_map --read_settings_files=on --write_settings_files=off RISCV -c RISCV
Warning (18236): Number of processors has not been specified which may cause overloading on shared machines.  Set the global assignment NUM_PARALLEL_PROCESSORS in your QSF to an appropriate value for best performance.
Info (20030): Parallel compilation is enabled and will use 2 of the 2 processors detected
Info (12021): Found 1 design units, including 1 entities, in source file RISCV.sv
    Info (12023): Found entity 1: RISCV File: /home/martins/Documents/BUILD-RISC-V/RISC-V/RISCV.sv Line: 1
Info (12127): Elaborating entity "RISCV" for the top level hierarchy
Warning (10036): Verilog HDL or VHDL warning at RISCV.sv(7): object "reset" assigned a value but never read File: /home/martins/Documents/BUILD-RISC-V/RISC-V/RISCV.sv Line: 7
Warning (10036): Verilog HDL or VHDL warning at RISCV.sv(11): object "alu_result" assigned a value but never read File: /home/martins/Documents/BUILD-RISC-V/RISC-V/RISCV.sv Line: 11
Warning (10036): Verilog HDL or VHDL warning at RISCV.sv(78): object "RD" assigned a value but never read File: /home/martins/Documents/BUILD-RISC-V/RISC-V/RISCV.sv Line: 78
Warning (10036): Verilog HDL or VHDL warning at RISCV.sv(124): object "is_sw" assigned a value but never read File: /home/martins/Documents/BUILD-RISC-V/RISC-V/RISCV.sv Line: 124
Warning (10036): Verilog HDL or VHDL warning at RISCV.sv(127): object "is_lw" assigned a value but never read File: /home/martins/Documents/BUILD-RISC-V/RISC-V/RISCV.sv Line: 127
Info (16010): Generating hard_block partition "hard_block:auto_generated_inst"
    Info (16011): Adding 0 node(s), including 0 DDIO, 0 PLL, 0 transceiver and 0 LCELL
Warning (21074): Design contains 34 input pin(s) that do not drive logic
    Warning (15610): No output dependent on input pin "clk" File: /home/martins/Documents/BUILD-RISC-V/RISC-V/RISCV.sv Line: 2
    Warning (15610): No output dependent on input pin "rst" File: /home/martins/Documents/BUILD-RISC-V/RISC-V/RISCV.sv Line: 3
    Warning (15610): No output dependent on input pin "instruction[0]" File: /home/martins/Documents/BUILD-RISC-V/RISC-V/RISCV.sv Line: 5
    Warning (15610): No output dependent on input pin "instruction[1]" File: /home/martins/Documents/BUILD-RISC-V/RISC-V/RISCV.sv Line: 5
    Warning (15610): No output dependent on input pin "instruction[2]" File: /home/martins/Documents/BUILD-RISC-V/RISC-V/RISCV.sv Line: 5
    Warning (15610): No output dependent on input pin "instruction[3]" File: /home/martins/Documents/BUILD-RISC-V/RISC-V/RISCV.sv Line: 5
    Warning (15610): No output dependent on input pin "instruction[4]" File: /home/martins/Documents/BUILD-RISC-V/RISC-V/RISCV.sv Line: 5
    Warning (15610): No output dependent on input pin "instruction[5]" File: /home/martins/Documents/BUILD-RISC-V/RISC-V/RISCV.sv Line: 5
    Warning (15610): No output dependent on input pin "instruction[6]" File: /home/martins/Documents/BUILD-RISC-V/RISC-V/RISCV.sv Line: 5
    Warning (15610): No output dependent on input pin "instruction[7]" File: /home/martins/Documents/BUILD-RISC-V/RISC-V/RISCV.sv Line: 5
    Warning (15610): No output dependent on input pin "instruction[8]" File: /home/martins/Documents/BUILD-RISC-V/RISC-V/RISCV.sv Line: 5
    Warning (15610): No output dependent on input pin "instruction[9]" File: /home/martins/Documents/BUILD-RISC-V/RISC-V/RISCV.sv Line: 5
    Warning (15610): No output dependent on input pin "instruction[10]" File: /home/martins/Documents/BUILD-RISC-V/RISC-V/RISCV.sv Line: 5
    Warning (15610): No output dependent on input pin "instruction[11]" File: /home/martins/Documents/BUILD-RISC-V/RISC-V/RISCV.sv Line: 5
    Warning (15610): No output dependent on input pin "instruction[12]" File: /home/martins/Documents/BUILD-RISC-V/RISC-V/RISCV.sv Line: 5
    Warning (15610): No output dependent on input pin "instruction[13]" File: /home/martins/Documents/BUILD-RISC-V/RISC-V/RISCV.sv Line: 5
    Warning (15610): No output dependent on input pin "instruction[14]" File: /home/martins/Documents/BUILD-RISC-V/RISC-V/RISCV.sv Line: 5
    Warning (15610): No output dependent on input pin "instruction[15]" File: /home/martins/Documents/BUILD-RISC-V/RISC-V/RISCV.sv Line: 5
    Warning (15610): No output dependent on input pin "instruction[16]" File: /home/martins/Documents/BUILD-RISC-V/RISC-V/RISCV.sv Line: 5
    Warning (15610): No output dependent on input pin "instruction[17]" File: /home/martins/Documents/BUILD-RISC-V/RISC-V/RISCV.sv Line: 5
    Warning (15610): No output dependent on input pin "instruction[18]" File: /home/martins/Documents/BUILD-RISC-V/RISC-V/RISCV.sv Line: 5
    Warning (15610): No output dependent on input pin "instruction[19]" File: /home/martins/Documents/BUILD-RISC-V/RISC-V/RISCV.sv Line: 5
    Warning (15610): No output dependent on input pin "instruction[20]" File: /home/martins/Documents/BUILD-RISC-V/RISC-V/RISCV.sv Line: 5
    Warning (15610): No output dependent on input pin "instruction[21]" File: /home/martins/Documents/BUILD-RISC-V/RISC-V/RISCV.sv Line: 5
    Warning (15610): No output dependent on input pin "instruction[22]" File: /home/martins/Documents/BUILD-RISC-V/RISC-V/RISCV.sv Line: 5
    Warning (15610): No output dependent on input pin "instruction[23]" File: /home/martins/Documents/BUILD-RISC-V/RISC-V/RISCV.sv Line: 5
    Warning (15610): No output dependent on input pin "instruction[24]" File: /home/martins/Documents/BUILD-RISC-V/RISC-V/RISCV.sv Line: 5
    Warning (15610): No output dependent on input pin "instruction[25]" File: /home/martins/Documents/BUILD-RISC-V/RISC-V/RISCV.sv Line: 5
    Warning (15610): No output dependent on input pin "instruction[26]" File: /home/martins/Documents/BUILD-RISC-V/RISC-V/RISCV.sv Line: 5
    Warning (15610): No output dependent on input pin "instruction[27]" File: /home/martins/Documents/BUILD-RISC-V/RISC-V/RISCV.sv Line: 5
    Warning (15610): No output dependent on input pin "instruction[28]" File: /home/martins/Documents/BUILD-RISC-V/RISC-V/RISCV.sv Line: 5
    Warning (15610): No output dependent on input pin "instruction[29]" File: /home/martins/Documents/BUILD-RISC-V/RISC-V/RISCV.sv Line: 5
    Warning (15610): No output dependent on input pin "instruction[30]" File: /home/martins/Documents/BUILD-RISC-V/RISC-V/RISCV.sv Line: 5
    Warning (15610): No output dependent on input pin "instruction[31]" File: /home/martins/Documents/BUILD-RISC-V/RISC-V/RISCV.sv Line: 5
Info (21057): Implemented 34 device resources after synthesis - the final resource count might be different
    Info (21058): Implemented 34 input pins
    Info (21059): Implemented 0 output pins
Info (144001): Generated suppressed messages file /home/martins/Documents/BUILD-RISC-V/RISC-V/output_files/RISCV.map.smsg
Info: Quartus Prime Analysis & Synthesis was successful. 0 errors, 41 warnings
    Info: Peak virtual memory: 424 megabytes
    Info: Processing ended: Mon Oct  2 16:11:18 2023
    Info: Elapsed time: 00:00:13
    Info: Total CPU time (on all processors): 00:00:29


+------------------------------------------+
; Analysis & Synthesis Suppressed Messages ;
+------------------------------------------+
The suppressed messages can be found in /home/martins/Documents/BUILD-RISC-V/RISC-V/output_files/RISCV.map.smsg.


